---
source: crates/glyph-cli/tests/multi_file_acceptance.rs
expression: md
---
---
name: fix_bug
description: 'Debug and fix a bug in the codebase with minimal, targeted changes.'
---

## Parameters

- **scope**. Default: ".".

## Instructions

### Context

- **codebase-assumptions**

  This codebase follows standard project conventions and has a test suite.

- The bug is assumed to be reproducible locally.

### Steps

1. Load and follow the procedure in `repo_tools/inspect-repo.md`.
2. Decide which of the following applies and follow only that path:
   If The bug spans multiple subsystems or layers:
   a. Trace the reported symptoms through multiple code layers.
   b. Gather extensive evidence from logs, tests, and code.
   Otherwise:
   a. Trace the reported symptoms to their origin. Confirm the root cause with evidence from logs, tests, or code inspection.
3. Don't propose a fix until you've confirmed the root cause.
4. Decide which of the following applies and follow only that path:
   If The project has an established test suite with meaningful coverage:
   a. Run the existing test suite before making changes to establish a baseline.
   Otherwise:
   a. Manually verify the fix by inspecting the changed code paths.
5. Apply the smallest change that fixes the root cause. Preserve existing patterns and avoid unnecessary refactoring.
6. Verify the fix resolves the original issue. Run related tests to check for regressions Return the result of summarize_changes().

### Constraints

- **Require:** prefer the repository's existing patterns, helper APIs, naming, and file organization before introducing a new abstraction or style.
- **Avoid:** making changes outside the requested scope or fixing unrelated issues.
